// Jest Snapshot v1, https://goo.gl/fbAQLP

exports[`Log Food Modal calls onClose prop when Cancel pressable is pressed 1`] = `null`;

exports[`Log Food Modal calls onClose prop when Submit pressable is pressed 1`] = `null`;

exports[`Log Food Modal displays input name and macros when TextInput changes 1`] = `
<Modal
  animationType="slide"
  hardwareAccelerated={false}
  onRequestClose={[Function]}
  transparent={true}
  visible={true}
>
  <View
    style={
      {
        "alignItems": "center",
        "flex": 1,
        "justifyContent": "center",
        "marginTop": 22,
      }
    }
  >
    <View
      style={
        {
          "alignItems": "center",
          "backgroundColor": "white",
          "borderRadius": 20,
          "elevation": 5,
          "height": "60%",
          "margin": 20,
          "padding": 35,
          "shadowColor": "#000",
          "shadowOffset": {
            "height": 2,
            "width": 0,
          },
          "shadowOpacity": 0.25,
          "shadowRadius": 4,
          "width": "80%",
        }
      }
    >
      <TextInput
        autoCapitalize="none"
        onChangeText={[Function]}
        placeholder="Name of the food"
        style={
          {
            "borderColor": "#ddd",
            "borderRadius": 5,
            "borderWidth": 1,
            "height": 40,
            "marginBottom": 12,
            "padding": 10,
            "width": "90%",
          }
        }
        testID="LogFoodModal:NameTextInput:Change"
        value="test"
      />
      <TextInput
        keyboardType="numeric"
        onChangeText={[Function]}
        placeholder="Calories"
        style={
          {
            "borderColor": "#ddd",
            "borderRadius": 5,
            "borderWidth": 1,
            "height": 40,
            "marginBottom": 12,
            "padding": 10,
            "width": "90%",
          }
        }
        testID="LogFoodModal:CalorieTextInput:Change"
        value="2000"
      />
      <TextInput
        keyboardType="numeric"
        onChangeText={[Function]}
        placeholder="Protein (g)"
        style={
          {
            "borderColor": "#ddd",
            "borderRadius": 5,
            "borderWidth": 1,
            "height": 40,
            "marginBottom": 12,
            "padding": 10,
            "width": "90%",
          }
        }
        testID="LogFoodModal:ProteinTextInput:Change"
        value="100"
      />
      <TextInput
        keyboardType="numeric"
        onChangeText={[Function]}
        placeholder="Carbohydrates (g)"
        style={
          {
            "borderColor": "#ddd",
            "borderRadius": 5,
            "borderWidth": 1,
            "height": 40,
            "marginBottom": 12,
            "padding": 10,
            "width": "90%",
          }
        }
        testID="LogFoodModal:CarbTextInput:Change"
        value="200"
      />
      <TextInput
        keyboardType="numeric"
        onChangeText={[Function]}
        placeholder="Fat (g)"
        style={
          {
            "borderColor": "#ddd",
            "borderRadius": 5,
            "borderWidth": 1,
            "height": 40,
            "marginBottom": 12,
            "padding": 10,
            "width": "90%",
          }
        }
        testID="LogFoodModal:FatTextInput:Change"
        value="300"
      />
      <View
        style={
          {
            "flexDirection": "row",
            "justifyContent": "center",
          }
        }
      >
        <View
          accessibilityState={
            {
              "busy": undefined,
              "checked": undefined,
              "disabled": undefined,
              "expanded": undefined,
              "selected": undefined,
            }
          }
          accessibilityValue={
            {
              "max": undefined,
              "min": undefined,
              "now": undefined,
              "text": undefined,
            }
          }
          accessible={true}
          collapsable={false}
          focusable={true}
          onBlur={[Function]}
          onClick={[Function]}
          onFocus={[Function]}
          onResponderGrant={[Function]}
          onResponderMove={[Function]}
          onResponderRelease={[Function]}
          onResponderTerminate={[Function]}
          onResponderTerminationRequest={[Function]}
          onStartShouldSetResponder={[Function]}
          style={
            [
              {
                "alignItems": "center",
                "borderRadius": 8,
                "marginHorizontal": 5,
                "padding": 10,
                "width": "45%",
              },
              undefined,
              {
                "backgroundColor": "rgb(52,152,219)",
              },
            ]
          }
          testID="LogFoodModal:SubmitPressable:Press"
        >
          <Text
            style={
              {
                "color": "white",
                "fontWeight": "bold",
                "textAlign": "center",
              }
            }
          >
            Submit
          </Text>
        </View>
        <View
          accessibilityState={
            {
              "busy": undefined,
              "checked": undefined,
              "disabled": undefined,
              "expanded": undefined,
              "selected": undefined,
            }
          }
          accessibilityValue={
            {
              "max": undefined,
              "min": undefined,
              "now": undefined,
              "text": undefined,
            }
          }
          accessible={true}
          collapsable={false}
          focusable={true}
          onBlur={[Function]}
          onClick={[Function]}
          onFocus={[Function]}
          onResponderGrant={[Function]}
          onResponderMove={[Function]}
          onResponderRelease={[Function]}
          onResponderTerminate={[Function]}
          onResponderTerminationRequest={[Function]}
          onStartShouldSetResponder={[Function]}
          style={
            [
              {
                "alignItems": "center",
                "borderRadius": 8,
                "marginHorizontal": 5,
                "padding": 10,
                "width": "45%",
              },
              undefined,
              {
                "backgroundColor": "rgb(52,152,219)",
              },
            ]
          }
          testID="LogFoodModal:CancelPressable:Press"
        >
          <Text
            style={
              {
                "color": "white",
                "fontWeight": "bold",
                "textAlign": "center",
              }
            }
          >
            Cancel
          </Text>
        </View>
      </View>
    </View>
  </View>
</Modal>
`;
